
[root@workstation ~]# podman images
REPOSITORY   TAG   IMAGE ID   CREATED   SIZE
[root@workstation ~]# podman search rhel |wc -l
51
[root@workstation ~]# podman pull rhel
Trying to pull registry.access.redhat.com/rhel...
Getting image source signatures
Copying blob 91592046c71b done
Copying blob b77bb434db5a done
Copying config c61e4f9e8a done
Writing manifest to image destination
Storing signatures
c61e4f9e8adadac1824f46868b670f06f4a4c66f7043eaf4a68194af4d9097bc
[root@workstation ~]# podman images
REPOSITORY                        TAG      IMAGE ID       CREATED       SIZE
registry.access.redhat.com/rhel   latest   c61e4f9e8ada   6 weeks ago   216 MB
[root@workstation ~]# podman run ubi7/ubi:7.7 echo 'Hello!'
Trying to pull registry.access.redhat.com/ubi7/ubi:7.7...
Getting image source signatures
Copying blob 09dbbf8834d2 done
Copying blob fcd63ccfdd0c done
Copying config 0355cd652b done
Writing manifest to image destination
Storing signatures
Hello!
[root@workstation ~]# podman run -d rhscl/httpd-24-rhel7:2.4-36.8
Trying to pull registry.access.redhat.com/rhscl/httpd-24-rhel7:2.4-36.8...
Getting image source signatures
Copying blob 258c04e7cfdc done
Copying blob 202f3871a68d done
Copying blob e373541ccf6a done
Copying blob c5d2e9481169 done
Writing manifest to image destination
Storing signatures
e616daba9b177a4848664342826bbe366a2ae224de0f816ebba386b9e548e530
[root@workstation ~]# podman inspect -l -f "{{.NetworkSettings.IPAddress}}"
10.88.0.3
[root@workstation ~]# ^C
[root@workstation ~]# curl http://10.88.0.68:8080
curl: (7) Failed to connect to 10.88.0.68 port 8080: No route to host
[root@workstation ~]# podman run -it ubi7/ubi:7.7 /bin/bash
[root@de89ca6ca57e /]# ls
bin  boot  dev  etc  home  lib  lib64  media  mnt  opt  proc  root  run  sbin  srv  sys  tmp  usr  var
[root@de89ca6ca57e /]# who am i
[root@de89ca6ca57e /]# whoami
root
[root@de89ca6ca57e /]# exit
exit
[root@workstation ~]# podman ps 
CONTAINER ID  IMAGE                                                     COMMAND               CREATED        STATUS            PORTS  NAMES
e616daba9b17  registry.access.redhat.com/rhscl/httpd-24-rhel7:2.4-36.8  /usr/bin/run-http...  5 minutes ago  Up 5 minutes ago         admiring_yalow
[root@workstation ~]# 
[root@workstation ~]# podman run -it ubi7/ubi:7.7 /bin/bash
[root@6ea278959c61 /]# ls
bin  boot  dev  etc  home  lib  lib64  media  mnt  opt  proc  root  run  sbin  srv  sys  tmp  usr  var
[root@6ea278959c61 /]# whoami
root
[root@6ea278959c61 /]# uname -r
4.18.0-193.el8.x86_64
[root@6ea278959c61 /]# exit
exit
[root@workstation ~]# podman ps
CONTAINER ID  IMAGE                                                     COMMAND               CREATED         STATUS             PORTS  NAMES
e616daba9b17  registry.access.redhat.com/rhscl/httpd-24-rhel7:2.4-36.8  /usr/bin/run-http...  10 minutes ago  Up 10 minutes ago         admiring_yalow
[root@workstation ~]# podman ps -a
CONTAINER ID  IMAGE                                                     COMMAND               CREATED         STATUS                     PORTS  NAMES
6ea278959c61  registry.access.redhat.com/ubi7/ubi:7.7                   /bin/bash             23 seconds ago  Exited (0) 10 seconds ago         dreamy_brattain
de89ca6ca57e  registry.access.redhat.com/ubi7/ubi:7.7                   /bin/bash             6 minutes ago   Exited (0) 5 minutes ago          sad_yalow
e616daba9b17  registry.access.redhat.com/rhscl/httpd-24-rhel7:2.4-36.8  /usr/bin/run-http...  11 minutes ago  Up 11 minutes ago                 admiring_yalow
ca7d6f42db1c  registry.access.redhat.com/ubi7/ubi:7.7                   echo Hello!           11 minutes ago  Exited (0) 11 minutes ago         nifty_torvalds
[root@workstation ~]# 

[root@workstation ~]# curl http://10.88.0.68:8080
curl: (7) Failed to connect to 10.88.0.68 port 8080: No route to host
[root@workstation ~]# podman run -it ubi7/ubi:7.7 /bin/bash
[root@de89ca6ca57e /]# ls
bin  boot  dev  etc  home  lib  lib64  media  mnt  opt  proc  root  run  sbin  srv  sys  tmp  usr  var
[root@de89ca6ca57e /]# who am i
[root@de89ca6ca57e /]# whoami
root
[root@de89ca6ca57e /]# exit
exit
[root@workstation ~]# podman ps 
CONTAINER ID  IMAGE                                                     COMMAND               CREATED        STATUS            PORTS  NAMES
e616daba9b17  registry.access.redhat.com/rhscl/httpd-24-rhel7:2.4-36.8  /usr/bin/run-http...  5 minutes ago  Up 5 minutes ago         admiring_yalow
[root@workstation ~]# podman run -it ubi7/ubi:7.7 /bin/bash
[root@6ea278959c61 /]# ls
bin  boot  dev  etc  home  lib  lib64  media  mnt  opt  proc  root  run  sbin  srv  sys  tmp  usr  var
[root@6ea278959c61 /]# whoami
root
[root@6ea278959c61 /]# uname -r
4.18.0-193.el8.x86_64
[root@6ea278959c61 /]# exit
exit
[root@workstation ~]# podman ps
CONTAINER ID  IMAGE                                                     COMMAND               CREATED         STATUS             PORTS  NAMES
e616daba9b17  registry.access.redhat.com/rhscl/httpd-24-rhel7:2.4-36.8  /usr/bin/run-http...  10 minutes ago  Up 10 minutes ago         admiring_yalow
[root@workstation ~]# podman ps -a
CONTAINER ID  IMAGE                                                     COMMAND               CREATED         STATUS                     PORTS  NAMES
6ea278959c61  registry.access.redhat.com/ubi7/ubi:7.7                   /bin/bash             23 seconds ago  Exited (0) 10 seconds ago         dreamy_brattain
de89ca6ca57e  registry.access.redhat.com/ubi7/ubi:7.7                   /bin/bash             6 minutes ago   Exited (0) 5 minutes ago          sad_yalow
e616daba9b17  registry.access.redhat.com/rhscl/httpd-24-rhel7:2.4-36.8  /usr/bin/run-http...  11 minutes ago  Up 11 minutes ago                 admiring_yalow
ca7d6f42db1c  registry.access.redhat.com/ubi7/ubi:7.7                   echo Hello!           11 minutes ago  Exited (0) 11 minutes ago         nifty_torvalds
[root@workstation ~]# podman run -e GREET=Hello -e NAME=RedHat rhel7:7.5 printenv GREET NAME
Trying to pull registry.access.redhat.com/rhel7:7.5...
Getting image source signatures
Copying blob 92058cf44053 done
Copying blob 8d846904080d done
Copying config 7b875638cf done
Writing manifest to image destination
Storing signatures
Hello
RedHat
[root@workstation ~]# clear



Lab2
------


[root@workstation ~]# lab container-create start

Setting up workstation for the Guided Exercise: Creating a MySQL database instance

 路 Checking podman configuration...............................  SUCCESS
 路 Creating create_table.txt file..............................  SUCCESS
[root@workstation ~]# podman run --name mysql-basic -e MYSQL_USER=user1 -e MYSQL_PASSWORD=mypa55 -e MYSQL_DATABASE=items -e MYSQL_ROOT_PASSWORD=r00tpa55  -d rhscl/mysql-57-rhel7:5.7-3.14
Trying to pull registry.access.redhat.com/rhscl/mysql-57-rhel7:5.7-3.14...
Getting image source signatures
Copying blob c5d2e9481169 skipped: already exists
Copying blob e373541ccf6a skipped: already exists
Copying blob b3949aed10eb done
Writing manifest to image destination
Storing signatures
0bc39d114d30153d5bb677957d7ce019c56fff23c2b9a804d1158e7abcff386f
[root@workstation ~]# podman exec -it mysql-basic /bin/bash
bash-4.2$ mysql -u root
Welcome to the MySQL monitor.  Commands end with ; or \g.
Your MySQL connection id is 2
Server version: 5.7.16 MySQL Community Server (GPL)

Copyright (c) 2000, 2016, Oracle and/or its affiliates. All rights reserved.

Oracle is a registered trademark of Oracle Corporation and/or its
affiliates. Other names may be trademarks of their respective
owners.

Type 'help;' or '\h' for help. Type '\c' to clear the current input statement.

mysql> shot databases;
ERROR 1064 (42000): You have an error in your SQL syntax; check the manual that corresponds to your MySQL server version for the right syntax to use near 'shot databases' at line 1
mysql> show databases;
+--------------------+
| Database           |
+--------------------+
| information_schema |
| items              |
| mysql              |
| performance_schema |
| sys                |
+--------------------+
5 rows in set (0.00 sec)

mysql> use items;
Database changed
mysql> CREATE TABLE Projects (id int(11) NOT NULL
    -> exit
exit
^C
mysql> CREATE TABLE Projects (id int(11) NOT NULL,
    -> name varchar(255) DEFAULT NULL,
    -> code varchar(255) DEFAULT NULL,
    -> PRIMARY KEY (id));
Query OK, 0 rows affected (0.12 sec)

mysql> show tables;
+-----------------+
| Tables_in_items |
+-----------------+
| Projects        |
+-----------------+
1 row in set (0.00 sec)

mysql> insert into Projects (id, name, code) values (1,'DevOps','DO180');
Query OK, 1 row affected (0.04 sec)

mysql> select * from Projects;
+----+--------+-------+
| id | name   | code  |
+----+--------+-------+
|  1 | DevOps | DO180 |
+----+--------+-------+
1 row in set (0.00 sec)

mysql> exit
Bye
bash-4.2$ exit  
exit
[root@workstation ~]# podman ps 
CONTAINER ID  IMAGE                                                     COMMAND               CREATED         STATUS             PORTS  NAMES
0bc39d114d30  registry.access.redhat.com/rhscl/mysql-57-rhel7:5.7-3.14  run-mysqld            3 minutes ago   Up 3 minutes ago          mysql-basic
e616daba9b17  registry.access.redhat.com/rhscl/httpd-24-rhel7:2.4-36.8  /usr/bin/run-http...  36 minutes ago  Up 36 minutes ago         admiring_yalow
[root@workstation ~]# lab container-create finish

Completing the Guided Exercise: Creating a MySQL database instance

 路 Removing "mysql-basic" container............................  SUCCESS
 路 Removing "rhscl/mysql-57-rhel7:5.7-3.14" image..............  SUCCESS
[root@workstation ~]# 
